Archive member included because of file (symbol)

../../../../sdk/JN-SW-4170/Components/Library\libPWRM_JN516x.a(pwrm.o)
                              app_start.o (symbol from plugin) (PWRM_vInit)
../../../../sdk/JN-SW-4170/Components/Library\libPWRM_JN516x.a(pwrm_setjmp_JN516x.o)
                              pwrm.o (symbol from plugin) (setjmp)
../../../../sdk/JN-SW-4170/Components/Library\libPWRM_JN516x.a(pwrm_cold_start.o)
                              (AppColdStart)
../../../../sdk/JN-SW-4170/Components/Library\libPWRM_JN516x.a(pwrm_warm_start.o)
                              (AppWarmStart)
../../../../sdk/JN-SW-4170/Components/Library\libPDUM_JN516x.a(pdum_nwk.o)
                              pdum_gen.o (symbol from plugin) (pdum_vNPduInit)
../../../../sdk/JN-SW-4170/Components/Library\libPDUM_JN516x.a(pdum_apl.o)
                              appZdpExtraction.o (symbol from plugin) (PDUM_u16APduInstanceReadNBO)
../../../../sdk/JN-SW-4170/Components/Library\libPDUM_JN516x.a(pdum.o)
                              pdum_nwk.o (symbol from plugin) (PDUM_u16SizeNBO)
../../../../sdk/JN-SW-4170/Components/Library\libZPSAPL_JN516x.a(zps_apl_af.o)
                              app_coordinator.o (symbol from plugin) (ZPS_eAplAfInit)
../../../../sdk/JN-SW-4170/Components/Library\libZPSAPL_JN516x.a(zps_apl_af_apsde.o)
                              zps_gen.o (symbol from plugin) (zps_vHandleApsdeDataFragIndNotSupported)
../../../../sdk/JN-SW-4170/Components/Library\libZPSAPL_JN516x.a(zps_apl_task.o)
                              zps_apl_af_apsde.o (symbol from plugin) (zps_vAplAfPostEvent)
../../../../sdk/JN-SW-4170/Components/Library\libZPSAPL_JN516x.a(zps_apl_apsde.o)
                              zps_apl_task.o (symbol from plugin) (ZPS_vAplRegisterApsdeDcfmIndCallbacks)
../../../../sdk/JN-SW-4170/Components/Library\libZPSAPL_JN516x.a(zps_apl_apsme.o)
                              zps_apl_task.o (symbol from plugin) (ZPS_vAplRegisterApsmeDcfmIndCallbacks)
../../../../sdk/JN-SW-4170/Components/Library\libZPSAPL_JN516x.a(zps_apl_aps_nlde.o)
                              zps_apl_task.o (symbol from plugin) (zps_vAplApsHandleNldeDcfmInd)
../../../../sdk/JN-SW-4170/Components/Library\libZPSAPL_JN516x.a(zps_apl_sec.o)
                              zps_apl_apsme.o (symbol from plugin) (zps_vGenerateHashForVerifiedKey)
../../../../sdk/JN-SW-4170/Components/Library\libZPSAPL_JN516x.a(zps_apl_aib.o)
                              zps_gen.o (symbol from plugin) (psAplDefaultDistributedAPSLinkKey)
../../../../sdk/JN-SW-4170/Components/Library\libZPSAPL_JN516x.a(zps_apl_zdo_nwkmanager.o)
                              zps_apl_apsme.o (symbol from plugin) (zps_vAplSaveRecord)
../../../../sdk/JN-SW-4170/Components/Library\libZPSAPL_JN516x.a(zps_apl_zdo_handle_zdp_event.o)
                              zps_apl_task.o (symbol from plugin) (zps_bAplZdoHandleZdpEvent)
../../../../sdk/JN-SW-4170/Components/Library\libZPSAPL_JN516x.a(zps_apl_zdo_trust_center.o)
                              zps_gen.o (symbol from plugin) (zps_vAplTrustCenterInit)
../../../../sdk/JN-SW-4170/Components/Library\libZPSAPL_JN516x.a(zps_apl_zdo_common.o)
                              zps_apl_zdo_nwkmanager.o (symbol from plugin) (zps_eAplZdoNlmeleaveWrapper)
../../../../sdk/JN-SW-4170/Components/Library\libZPSAPL_JN516x.a(zps_apl_zdo_default_server.o)
                              zps_gen.o (symbol from plugin) (zps_vAplZdoDefaultServerInit)
../../../../sdk/JN-SW-4170/Components/Library\libZPSAPL_JN516x.a(zps_apl_mac_isr.o)
                              zps_apl_zdo_nwkmanager.o (symbol from plugin) (zps_vAplAfIsrInit)
../../../../sdk/JN-SW-4170/Components/Library\libZPSAPL_JN516x.a(zps_apl_zdo_end_device_bind_server.o)
                              zps_gen.o (symbol from plugin) (zps_vAplZdoEndDeviceBindServerInit)
../../../../sdk/JN-SW-4170/Components/Library\libZPSAPL_JN516x.a(zps_apl_zdo_nwk_addr_server.o)
                              zps_gen.o (symbol from plugin) (zps_vAplZdoNwkAddrServerInit)
../../../../sdk/JN-SW-4170/Components/Library\libZPSAPL_JN516x.a(zps_apl_zdo_ieee_addr_server.o)
                              zps_gen.o (symbol from plugin) (zps_vAplZdoIeeeAddrServerInit)
../../../../sdk/JN-SW-4170/Components/Library\libZPSAPL_JN516x.a(zps_apl_zdo_match_desc_server.o)
                              zps_gen.o (symbol from plugin) (zps_vAplZdoMatchDescServerInit)
../../../../sdk/JN-SW-4170/Components/Library\libZPSAPL_JN516x.a(zps_apl_zdo_node_desc_server.o)
                              zps_gen.o (symbol from plugin) (zps_vAplZdoNodeDescServerInit)
../../../../sdk/JN-SW-4170/Components/Library\libZPSAPL_JN516x.a(zps_apl_zdo_simple_desc_server.o)
                              zps_gen.o (symbol from plugin) (zps_vAplZdoSimpleDescServerInit)
../../../../sdk/JN-SW-4170/Components/Library\libZPSAPL_JN516x.a(zps_apl_zdo_power_desc_server.o)
                              zps_gen.o (symbol from plugin) (zps_vAplZdoPowerDescServerInit)
[...]
Memory Configuration

Name             Origin             Length             Attributes
flash            0x0000000000080000 0x0000000000040000
ram              0x000000000400004c 0x0000000000007fb4
*default*        0x0000000000000000 0xffffffffffffffff

Linker script and memory map

                0x0000000000001388                __stack_size = 0x1388
                0x00000000000007d0                __minimum_heap_size = 0x7d0
START GROUP
LOAD irq_JN516x.o
LOAD portasm_JN516x.o
LOAD port_JN516x.o
LOAD C:\Users\xubov\AppData\Local\Temp\ccOG1OQL.ltrans0.ltrans.o
LOAD C:\Users\xubov\AppData\Local\Temp\ccOG1OQL.ltrans1.ltrans.o
LOAD C:\Users\xubov\AppData\Local\Temp\ccOG1OQL.ltrans2.ltrans.o
LOAD C:\Users\xubov\AppData\Local\Temp\ccOG1OQL.ltrans3.ltrans.o
LOAD C:\Users\xubov\AppData\Local\Temp\ccOG1OQL.ltrans4.ltrans.o
LOAD C:\Users\xubov\AppData\Local\Temp\ccOG1OQL.ltrans5.ltrans.o
LOAD C:\Users\xubov\AppData\Local\Temp\ccOG1OQL.ltrans6.ltrans.o
LOAD C:\Users\xubov\AppData\Local\Temp\ccOG1OQL.ltrans7.ltrans.o
LOAD C:\Users\xubov\AppData\Local\Temp\ccOG1OQL.ltrans8.ltrans.o
LOAD C:\Users\xubov\AppData\Local\Temp\ccOG1OQL.ltrans9.ltrans.o
LOAD C:\Users\xubov\AppData\Local\Temp\ccOG1OQL.ltrans10.ltrans.o
LOAD C:\Users\xubov\AppData\Local\Temp\ccOG1OQL.ltrans11.ltrans.o
LOAD C:\Users\xubov\AppData\Local\Temp\ccOG1OQL.ltrans12.ltrans.o
LOAD C:\Users\xubov\AppData\Local\Temp\ccOG1OQL.ltrans13.ltrans.o
LOAD C:\Users\xubov\AppData\Local\Temp\ccOG1OQL.ltrans14.ltrans.o
LOAD C:\Users\xubov\AppData\Local\Temp\ccOG1OQL.ltrans15.ltrans.o
LOAD C:\Users\xubov\AppData\Local\Temp\ccOG1OQL.ltrans16.ltrans.o
LOAD C:\Users\xubov\AppData\Local\Temp\ccOG1OQL.ltrans17.ltrans.o
LOAD C:\Users\xubov\AppData\Local\Temp\ccOG1OQL.ltrans18.ltrans.o
LOAD C:\Users\xubov\AppData\Local\Temp\ccOG1OQL.ltrans19.ltrans.o
LOAD C:\Users\xubov\AppData\Local\Temp\ccOG1OQL.ltrans20.ltrans.o
LOAD C:\Users\xubov\AppData\Local\Temp\ccOG1OQL.ltrans21.ltrans.o
LOAD C:\Users\xubov\AppData\Local\Temp\ccOG1OQL.ltrans22.ltrans.o
LOAD C:\Users\xubov\AppData\Local\Temp\ccOG1OQL.ltrans23.ltrans.o
LOAD C:\Users\xubov\AppData\Local\Temp\ccOG1OQL.ltrans24.ltrans.o
LOAD C:\Users\xubov\AppData\Local\Temp\ccOG1OQL.ltrans25.ltrans.o
LOAD C:\Users\xubov\AppData\Local\Temp\ccOG1OQL.ltrans26.ltrans.o
LOAD C:\Users\xubov\AppData\Local\Temp\ccOG1OQL.ltrans27.ltrans.o
LOAD C:\Users\xubov\AppData\Local\Temp\ccOG1OQL.ltrans28.ltrans.o
LOAD C:\Users\xubov\AppData\Local\Temp\ccOG1OQL.ltrans29.ltrans.o
LOAD C:\Users\xubov\AppData\Local\Temp\ccOG1OQL.ltrans30.ltrans.o
LOAD C:\Users\xubov\AppData\Local\Temp\ccOG1OQL.ltrans31.ltrans.o
LOAD c:/nxp/bstudio_nxp/sdk/tools/ba-elf-ba2-r36379/bin/../lib/gcc/ba-elf/4.7.4/../../../../ba-elf/lib/mcpu_jn51xx_sizeopt\libc.a
LOAD c:/nxp/bstudio_nxp/sdk/tools/ba-elf-ba2-r36379/bin/../lib/gcc/ba-elf/4.7.4/mcpu_jn51xx_sizeopt\libgcc.a
LOAD c:/nxp/bstudio_nxp/sdk/tools/ba-elf-ba2-r36379/bin/../lib/gcc/ba-elf/4.7.4/../../../../ba-elf/lib/mcpu_jn51xx_sizeopt\libc.a
LOAD pdum_gen.o
LOAD pdum_apdu.o
LOAD zps_gen.o
LOAD app_blink_led.o
LOAD app_start.o
LOAD app_coordinator.o
LOAD app_endpoint.o
LOAD appZdpExtraction.o
LOAD appZpsBeaconHandler.o
LOAD app_pdm.o
LOAD ZQueue.o
LOAD ZTimer.o
LOAD ../../../../sdk/JN-SW-4170/Components/Library\libZPSMAC_Mini_JN516x.a
LOAD ../../../../sdk/JN-SW-4170/Components/Library\libPWRM_JN516x.a
LOAD ../../../../sdk/JN-SW-4170/Components/Library\libZPSTSV_JN516x.a
LOAD ../../../../sdk/JN-SW-4170/Components/Library\libAES_SW_JN516x.a
LOAD ../../../../sdk/JN-SW-4170/Components/Library\libPDUM_JN516x.a
LOAD ../../../../sdk/JN-SW-4170/Components/Library\libZPSAPL_JN516x.a
LOAD ../../../../sdk/JN-SW-4170/Components/Library\libRandom_JN516x.a
LOAD ../../../../sdk/JN-SW-4170/Components/Library\libPDM_EEPROM_NO_RTOS_JN516x.a
LOAD ../../../../sdk/JN-SW-4170/Components/Library\libDBG_JN516x.a
LOAD ../../../../sdk/JN-SW-4170/Components/Library\libZPSNWK_JN516x.a
LOAD ../../../../sdk/JN-SW-4170/Components/Library\libMiniMac_JN516x.a
LOAD ../../../../sdk/JN-SW-4170/Components/Library\libMiniMacShim_JN516x.a
LOAD ../../../../sdk/JN-SW-4170/Components/Library\libMMAC_JN516x.a
LOAD ../../../../sdk/JN-SW-4170/Components/Library\libAes_JN516x.a
LOAD ../../../../sdk/JN-SW-4170/Components/Library\libHardwareApi_JN516x.a
LOAD ../../../../sdk/JN-SW-4170/Components/Library\libMicroSpecific_JN516x.a
LOAD ../../../../sdk/JN-SW-4170/Components/Library\libBoot_JN516x.a
LOAD ../../../../sdk/JN-SW-4170/Platform/DK4/Library\libBoardLib_JN516x.a
END GROUP
LOAD c:/nxp/bstudio_nxp/sdk/tools/ba-elf-ba2-r36379/bin/../lib/gcc/ba-elf/4.7.4/../../../../ba-elf/lib/mcpu_jn51xx_sizeopt\libc.a
LOAD c:/nxp/bstudio_nxp/sdk/tools/ba-elf-ba2-r36379/bin/../lib/gcc/ba-elf/4.7.4/mcpu_jn51xx_sizeopt\libgcc.a
LOAD c:/nxp/bstudio_nxp/sdk/tools/ba-elf-ba2-r36379/bin/../lib/gcc/ba-elf/4.7.4/../../../../ba-elf/lib/mcpu_jn51xx_sizeopt\libc.a
                0x0000000000080038                _exception_vsr_table = 0x80038
                0x0000000004000000                pSPIflashFncTable = 0x4000000
                0x0000000000000044                restore_state = 0x44
                0x000000000000004a                bZSPIWaitWIPClear = 0x4a
                0x0000000000000050                u16ZSPIflashRDID = 0x50
                0x0000000000000056                u8SelectFlashChipType = 0x56
                0x000000000000005c                memcpy = 0x5c
                0x0000000000000066                vBootFlashProg = 0x66
                [0x00000000000007d0]                __minimum_heap_size = DEFINED (__minimum_heap_size)?__minimum_heap_size:0xd16
                [0x0000000000001388]                __stack_size = DEFINED (__stack_size)?__stack_size:0x800
                0x0000000000000000                _SwConfig = (DEFINED (g_bSWConf_Debug) | (DEFINED (g_bSWConf_AltDebugPort) << 0x1))

.version        0x000000000007fffc        0x4
                0x000000000007fffc        0x4 LONG 0x7030008

.bir            0x0000000000080000       0x10
                0x0000000000080000                _flash_start = ABSOLUTE (.)
                0x0000000000080000                _flash_beg = ABSOLUTE (.)
                0x0000000000080000        0x4 LONG 0x12345678
                0x0000000000080004        0x4 LONG 0x11223344
                0x0000000000080008        0x4 LONG 0x55667788
                0x000000000008000c        0x1 BYTE 0x8
                0x000000000008000d        0x1 BYTE 0x1
                0x000000000008000e        0x2 SHORT 0x0

.flashheader    0x0000000000080010       0x28
                0x0000000000080010        0x4 LONG 0x0
                0x0000000000080014        0x4 LONG 0x0
                0x0000000000080018        0x4 LONG 0x0
                0x000000000008001c        0x2 SHORT 0x0
                0x000000000008001e        0x2 SHORT 0x0 ABSOLUTE (_SwConfig)
                0x0000000000080020                _enc_start = ABSOLUTE (.)
                0x0000000000080020        0x4 LONG 0x1a874 ABSOLUTE (_image_len)
                0x0000000000080024        0x4 LONG 0x9a3ec ABSOLUTE (_flash_data_start)
                0x0000000000080028        0x2 SHORT 0x13 ((ABSOLUTE (_ram_data_start) / 0x4) & 0xffff)
                0x000000000008002a        0x2 SHORT 0x122 ((ABSOLUTE (_ram_data_len) / 0x4) & 0xffff)
                0x000000000008002c        0x2 SHORT 0x135 ((ABSOLUTE (_bss_start) / 0x4) & 0xffff)
                0x000000000008002e        0x2 SHORT 0xb51 ((ABSOLUTE (_bss_len) / 0x4) & 0xffff)
                0x0000000000080030        0x4 LONG 0x99be9 ABSOLUTE (AppWarmStart)
                0x0000000000080034        0x4 LONG 0x81508 ABSOLUTE (AppColdStart)
                0x0000000000000000                _enc_offset = (_enc_start & 0xf)

.ro_mac_address
                0x0000000000080040        0x0
                0x0000000000080040                _FlsMACAddress = ABSOLUTE (.)
 *(.ro_mac_address)
                0x0000000000080040                . = ALIGN (0x10)

.ro_ota_header  0x0000000000080040        0x0
                0x0000000000080040                _FlsOtaHeader = ABSOLUTE (.)
 *(.ro_ota_header)
                0x0000000000080040                . = ALIGN (0x10)

.ro_se_lnkKey   0x0000000000080040        0x0
                0x0000000000080040                _FlsLinkKey = ABSOLUTE (.)
 *(.ro_se_lnkKey)
                0x0000000000080040                . = ALIGN (0x10)

.rodata         0x0000000000080038     0x13af
 *(.rodata*)
 .rodata.str1.1
                0x0000000000080038       0xa5 C:\Users\xubov\AppData\Local\Temp\ccOG1OQL.ltrans0.ltrans.o
 *fill*         0x00000000000800dd        0x3 00
 .rodata        0x00000000000800e0      0x3b8 C:\Users\xubov\AppData\Local\Temp\ccOG1OQL.ltrans0.ltrans.o
                0x00000000000800e0                g_u32ApsFcSaveCountBitShift
                0x00000000000800e4                u8MaxZpsConfigEp
                0x00000000000800e5                au8EpMapPresent
                0x00000000000800e8                s_groupPdmTable
                0x00000000000800f0                zps_g_pvApl
                0x00000000000800f4                pwrm_psWakeupCallbacks
 .rodata.str1.1
                0x0000000000080498      0x8b2 C:\Users\xubov\AppData\Local\Temp\ccOG1OQL.ltrans1.ltrans.o
                                        0x8ef (size before relaxing)
 *fill*         0x0000000000080d4a        0x2 00
 .rodata        0x0000000000080d4c      0x1c0 C:\Users\xubov\AppData\Local\Temp\ccOG1OQL.ltrans1.ltrans.o
                0x0000000000080d4c                zps_pacNwkFrmStdByteFmt
                0x0000000000080d50                zps_pacNwkFrmStdLongFmt
                0x0000000000080d54                zps_pacNwkFrmStdHalfFmt
 .rodata.str1.1
                0x0000000000080f0c       0x1c C:\Users\xubov\AppData\Local\Temp\ccOG1OQL.ltrans2.ltrans.o
                                         0x34 (size before relaxing)
 .rodata        0x0000000000080f28       0x30 C:\Users\xubov\AppData\Local\Temp\ccOG1OQL.ltrans3.ltrans.o
 .rodata.str1.1
                0x0000000000000000        0x8 C:\Users\xubov\AppData\Local\Temp\ccOG1OQL.ltrans3.ltrans.o
 .rodata        0x0000000000080f58       0x10 C:\Users\xubov\AppData\Local\Temp\ccOG1OQL.ltrans4.ltrans.o
                0x0000000000080f58                au8FlashWaitStatesHSRCO.93035
                0x0000000000080f60                au8FlashWaitStates32MXO.93034
 .rodata.str1.1
                0x0000000000000000       0x1c C:\Users\xubov\AppData\Local\Temp\ccOG1OQL.ltrans5.ltrans.o
                                          0x3 (size before relaxing)
 .rodata.str1.1
                0x0000000000080f68      0x12f C:\Users\xubov\AppData\Local\Temp\ccOG1OQL.ltrans7.ltrans.o
 *fill*         0x0000000000081097        0x1 00
 .rodata        0x0000000000081098       0x18 C:\Users\xubov\AppData\Local\Temp\ccOG1OQL.ltrans8.ltrans.o
                0x00000000000810a0                au32UartAddrOffset
 .rodata.str1.1
                0x00000000000810b0        0x6 C:\Users\xubov\AppData\Local\Temp\ccOG1OQL.ltrans8.ltrans.o
 .rodata.str1.1
                0x0000000000000000        0x3 C:\Users\xubov\AppData\Local\Temp\ccOG1OQL.ltrans9.ltrans.o
 *fill*         0x00000000000810b6        0x2 00
 .rodata        0x00000000000810b8       0x18 C:\Users\xubov\AppData\Local\Temp\ccOG1OQL.ltrans10.ltrans.o
                0x00000000000810b8                au32NwkPdmRecordOffsets
 .rodata.str1.1
                0x00000000000810d0        0x4 C:\Users\xubov\AppData\Local\Temp\ccOG1OQL.ltrans11.ltrans.o
                                          0x8 (size before relaxing)
 .rodata.str1.1
                0x00000000000810d4        0x6 C:\Users\xubov\AppData\Local\Temp\ccOG1OQL.ltrans12.ltrans.o
 .rodata.str1.1
                0x00000000000810da        0xb C:\Users\xubov\AppData\Local\Temp\ccOG1OQL.ltrans15.ltrans.o
                                         0x14 (size before relaxing)
 .rodata.str1.1
                0x00000000000810e5        0x6 C:\Users\xubov\AppData\Local\Temp\ccOG1OQL.ltrans17.ltrans.o
                                         0x15 (size before relaxing)
 .rodata.str1.1
                0x00000000000810eb        0x3 C:\Users\xubov\AppData\Local\Temp\ccOG1OQL.ltrans19.ltrans.o
                                          0x7 (size before relaxing)
 .rodata.str1.1
                0x00000000000810ee       0x45 C:\Users\xubov\AppData\Local\Temp\ccOG1OQL.ltrans20.ltrans.o
                                         0x68 (size before relaxing)
 .rodata.str1.1
                0x0000000000081133        0x7 C:\Users\xubov\AppData\Local\Temp\ccOG1OQL.ltrans21.ltrans.o
                                         0x11 (size before relaxing)
 .rodata.str1.1
                0x000000000008113a        0x5 C:\Users\xubov\AppData\Local\Temp\ccOG1OQL.ltrans22.ltrans.o
                                         0x1d (size before relaxing)
 *fill*         0x000000000008113f        0x1 00
 .rodata        0x0000000000081140       0x40 C:\Users\xubov\AppData\Local\Temp\ccOG1OQL.ltrans22.ltrans.o
                0x0000000000081140                au32EndDeviceTimeoutConstants
                0x000000000008117c                pLocalTclkStruct
 .rodata.str1.1
                0x0000000000081180      0x115 C:\Users\xubov\AppData\Local\Temp\ccOG1OQL.ltrans23.ltrans.o
 *fill*         0x0000000000081295        0x3 00
 .rodata        0x0000000000081298       0x10 C:\Users\xubov\AppData\Local\Temp\ccOG1OQL.ltrans23.ltrans.o
 .rodata.str1.1
                0x0000000000000000      0x115 C:\Users\xubov\AppData\Local\Temp\ccOG1OQL.ltrans24.ltrans.o
                                          0xa (size before relaxing)
 .rodata        0x00000000000812a8       0x84 C:\Users\xubov\AppData\Local\Temp\ccOG1OQL.ltrans24.ltrans.o
 .rodata.str1.1
                0x0000000000000000        0x3 C:\Users\xubov\AppData\Local\Temp\ccOG1OQL.ltrans25.ltrans.o
 .rodata.str1.1
                0x000000000008132c        0x5 C:\Users\xubov\AppData\Local\Temp\ccOG1OQL.ltrans26.ltrans.o
                                         0x25 (size before relaxing)
 .rodata.str1.1
                0x0000000000081331        0x5 C:\Users\xubov\AppData\Local\Temp\ccOG1OQL.ltrans27.ltrans.o
 .rodata.str1.1
                0x0000000000000000        0x5 C:\Users\xubov\AppData\Local\Temp\ccOG1OQL.ltrans28.ltrans.o
                                          0x4 (size before relaxing)
 .rodata.str1.1
                0x0000000000000000        0x6 C:\Users\xubov\AppData\Local\Temp\ccOG1OQL.ltrans29.ltrans.o
 .rodata.str1.1
                0x0000000000081336       0xb1 C:\Users\xubov\AppData\Local\Temp\ccOG1OQL.ltrans30.ltrans.o

.text           0x00000000000813e8    0x19003
 *(.text*)
 .text          0x00000000000813e8       0x50 irq_JN516x.o
                0x00000000000813e8                PIC_ChannelPriorities
                0x00000000000813f8                PIC_SwVectTable
 .text          0x0000000000081438       0xd0 portasm_JN516x.o
                0x0000000000081438                OSMIUM_HwVectTable
                0x0000000000081474                vExternalException
 .text          0x0000000000081508     0x1834 C:\Users\xubov\AppData\Local\Temp\ccOG1OQL.ltrans0.ltrans.o
                0x0000000000081508                AppColdStart
 .text          0x0000000000082d3c     0x16d4 C:\Users\xubov\AppData\Local\Temp\ccOG1OQL.ltrans1.ltrans.o
                0x0000000000082d3c                app_vMainloop
 .text          0x0000000000084410     0x1124 C:\Users\xubov\AppData\Local\Temp\ccOG1OQL.ltrans2.ltrans.o
                0x0000000000084410                vPostNldeDcfmInd.8532
 .text          0x0000000000085534     0x11d5 C:\Users\xubov\AppData\Local\Temp\ccOG1OQL.ltrans3.ltrans.o
                0x0000000000085534                vPermitJoinHandleExpiry.77448
                0x000000000008553d                vPostMcpsDcfmInd.24067
                0x0000000000085540                vMacMlmeCallBackHandler.94171
                0x0000000000085555                vMacMcpsCallBackHandler.94175
                0x0000000000085566                DBG_iUartGetChar
                0x00000000000855b6                vMMAC_IntHandlerBbc
                0x00000000000855d0                eBasicTxCompleteHandler
                0x00000000000855d5                vTxRxTimeout.90611
                0x0000000000085635                eSmeAcScBeaconInd.82627
                0x0000000000085691                eSmeASFlBeaconInd.82462
                0x00000000000856b3                eSmeUDNTScanDcfm.81903
                0x000000000008573a                zps_eNwkHandleSmePollDcfm
                0x0000000000085764                eSmeGenlScanDcfm.82454
                0x00000000000857c2                eSmeEdScScanDcfm.82450
                0x0000000000085969                eSmeAcScBeaconInd.82470
                0x0000000000085a71                eSmeUDNTBeaconInd.82446
                0x0000000000085a94                ZPS_eTsvStop
                0x0000000000085acb                pvHeap_Alloc
                0x0000000000085ace                vMicroIntRestoreState
                0x0000000000085ada                PDM_vExitCriticalSection
                0x0000000000085afd                bAHI_WriteEEPROMfixSegmentData
                0x0000000000085b5b                bAHI_InitialiseEEPROM
                0x0000000000085ba3                vAHI_ReadDataFromEEPROMregister
                0x0000000000085bd0                vAHI_WriteDataIntoEEPROMregister
                0x0000000000085c00                iPDM_WriteSegmentHeaderDataIntoEEPROMsegment
                0x0000000000085c2f                u8AHI_WakeTimerFiredStatus
                0x0000000000085c43                vAHI_WakeTimerStop.part.3.93529
                0x0000000000085c63                vAHI_UartReset.part.4.93283
                0x0000000000085c9b                vAHI_OptimiseWaitStates
                0x0000000000085ce7                bAHI_GetClkSource
                0x0000000000085cf4                vAHI_CpuDoze
                0x0000000000085d07                vAHI_DioSetOutput
                0x0000000000085d1b                APP_vSetLED.part.0.2567
                0x0000000000085d22                bIssueACIcommand
                0x0000000000085db8                vACI_CmdWaitBusy
                0x0000000000085dc5                vEcbEncodeStripe.92750
                0x0000000000085e1c                vRadioToOff
                0x0000000000085e39                MAC_u64GetExtAddr
                0x0000000000085e54                ZPS_u64NwkNibFindExtAddr
                0x0000000000085eff                psSearchForFrameToSend
                0x0000000000085f4d                eMiniMac_FrameInProgress
                0x0000000000085f78                vRemoveFromTxQueue
                0x0000000000085fb4                vAddToTxQueue
                0x0000000000085fea                u8GetHeaderSize
                0x0000000000086012                vMiniMac_MLME_SetReq_MaxCsmaBackoffs
                0x0000000000086032                vMiniMac_MLME_SetReq_MaxBe
                0x0000000000086055                vMiniMac_MLME_SetReq_MinBe
                0x0000000000086078                zps_vSendJoinInd
                0x00000000000860e9                zps_psFormatCmdFrameGeneral
                0x0000000000086195                zps_eNwkFormStInit
                0x00000000000861aa                vSendDcfm.83157
                0x00000000000861cf                bCheckMatchingEntry.82622
                0x00000000000861f5                zps_psNwkSlistRemoveFromHead
                0x000000000008620c                zps_psNwkSlistRemove
                0x0000000000086244                zps_bNwkMcpsMgrRemoveDescrFromLists
                0x0000000000086282                zps_vNwkSlistAddToTail
                0x000000000008629c                zps_vNwkMcpsMgrFreeReqDescr
                0x00000000000862c9                zps_vNwkRemoveConflictedBroadcast
                0x000000000008631e                zps_vNwkMcpsMgrTidyBtrReqDescr
                0x0000000000086361                zps_vDefaultNwkLayer
                0x0000000000086500                ZPS_vNwkSecResetDevice
                0x0000000000086545                ZPS_bNwkSecHaveNetworkKey
                0x0000000000086579                ZPS_bNwkSecFindMatSet
                0x00000000000865b5                zps_eNwkRtMatch
                0x00000000000866ce                ZPS_u8NwkCalcNldeReqOverhead
 .text          0x0000000000086709      0xe5b C:\Users\xubov\AppData\Local\Temp\ccOG1OQL.ltrans4.ltrans.o
                0x000000000008673a                vZdoServersInit.2331
                0x00000000000868b9                eEdTimeoutRequestDataDcfm.73101
                0x00000000000868da                ZPS_eTsvOpen
                0x00000000000868f4                zps_vNwkBttMgrInit
                0x0000000000086922                vMicroIntEnableOnly.constprop.150
                0x000000000008694e                TSV_eStart
                0x000000000008699e                ZPS_eTsvStart
                0x00000000000869d3                zps_eNwkHandleSceNwkUpdate
                0x00000000000869f7                vNwkMcpsSendTimedDfcm
                0x0000000000086a3b                zps_vNwkJoinStStartResponseTimer
                0x0000000000086a74                vProcessTimedList.74238
                0x0000000000086aba                zps_vNwkMcpsMgrPostTimed
                0x0000000000086acd                zps_vExpireOldRoutes
                0x0000000000086b46                zps_eNwkBtrMatch
                0x0000000000086c3d                PDM_vEnterCriticalSection
                0x0000000000086c6c                ZQ_bQueueReceive
                0x0000000000086ce1                ZQ_bQueueSend
                0x0000000000086d5e                zps_vAplAfPostTimerEvent
                0x0000000000086dfe                APP_vGenCallback
                0x0000000000086e11                vEnableReceive.90616
                0x0000000000086e65                vStartReceive
                0x0000000000086e80                ZPS_u8ReleaseMutexLock.constprop.148
                0x0000000000086ea5                ZPS_u8GrabMutexLock.constprop.149
                0x0000000000086ee0                iAHI_WriteDataIntoEEPROMsegment.constprop.118
                0x0000000000086f2e                vACI_OptimisedCcmStar.constprop.116
                0x0000000000087119                zps_eNwkRtDiscMatch.constprop.113
                0x000000000008716c                AESSW_vMMOFinalUpdate
                0x000000000008722e                AESSW_vHMAC_MMO.constprop.106
                0x00000000000872c6                zps_pvAesGetKeyFromInstallCode
                0x000000000008734c                bAHI_FullFlashRead.constprop.100
                0x0000000000087407                ZTIMER_eOpen.constprop.94
                0x0000000000087449                vMiniMac_MLME_SetReq_PanId
                0x0000000000087486                vMiniMac_MLME_SetReq_ShortAddr
                0x0000000000087494                PDUM_u16APduInstanceReadNBO.constprop.19
                0x00000000000874dd                zps_vAplApsStopPollTimer.part.2.10899
 .text.unlikely
                0x0000000000087564       0xc8 C:\Users\xubov\AppData\Local\Temp\ccOG1OQL.ltrans4.ltrans.o
                0x0000000000087579                vAHI_MemoryHold.92963
 .text          0x000000000008762c      0xd8d C:\Users\xubov\AppData\Local\Temp\ccOG1OQL.ltrans5.ltrans.o
                0x000000000008762c                zps_bAplZdoNodeDescServer
                0x00000000000877c8                zps_bAplZdoPowerDescServer
                0x0000000000087915                zps_bAplZdoActiveEpServer
                0x0000000000087a2b                zps_bAplZdoSystemServerDiscoveryServer
                0x0000000000087ae8                boIdValueSearchMatch.68962
                0x0000000000087b42                zps_vNwkHandleCmePermitJoinReq
                0x0000000000087baa                zps_bAplZdoSimpleDescServer
                0x0000000000087e27                vPostVsMcpsDcfmInd.24074
                0x0000000000087e58                vPostMlmeDcfmInd.24060
                0x0000000000087f20                iPDM_ReadSegmentHeaderDataFromEEPROMsegment
                0x0000000000087f79                vMiniMac_ReturnRxBufferCallback
                0x0000000000087fa2                PWRM_vWakeInterruptCallback
                0x0000000000088029                ZPS_u16NwkNibFindNwkAddr
                0x00000000000880cf                vSetChannelAndPower
                0x000000000008816d                ZPS_vNwkNibClearTables
                0x0000000000088285                u8PDM_CalculateLargestDataRecordStored
                0x00000000000882b6                iPDM_FilterDuplicateAppendedSegmentsOnList.69983
                0x00000000000882fa                ZPS_bIsMacAddressUsedInApsTable
 .text          0x00000000000883b9     0x11c4 C:\Users\xubov\AppData\Local\Temp\ccOG1OQL.ltrans6.ltrans.o
                0x00000000000883b9                vNwkMcpsTimerCallback
                0x00000000000883d3                zps_eSceGenlIllegal
                0x00000000000883da                zps_eSmeGenlIllegal
                0x00000000000883e1                DBG_vUartFailedAssert
                0x00000000000883e5                vZdoEndDeviceBindTimeoutSecondMessage
                0x00000000000883f9                psGetVsMcpsBuf.24071
                0x0000000000088402                psGetMlmeBuf.24057
                0x000000000008840b                psGetMcpsBuf.24064
                0x0000000000088414                zps_vExpireRequestKeyReq.17755
                0x0000000000088450                zps_bAplZdoEndDeviceBindServer
                0x0000000000088508                zps_eNwkRctMatchNwkAddr
                0x000000000008856f                zps_vRemoveNextHop
                0x000000000008860c                zps_vRemoveRoute
                0x000000000008868b                zps_psNwkRtMatchNwkAddr
                0x00000000000886e9                ZPS_u64NwkNibGetMappedIeeeAddr
                0x000000000008870b                ZPS_bNwkNibNtActvMatch
                0x00000000000887c3                bCheckNwkAddr
                0x0000000000088811                zps_eAplTrustCenterFindDevice
                0x0000000000088855                ZPS_vSetExtendedStatus
                0x0000000000088867                eAllocateNPDU.5336
                0x00000000000888ca                PDUM_eNPduClone
                0x0000000000088916                PDUM_hAPduAllocateAPduInstance
                0x0000000000088970                zps_eAplZdoSendZdpResponse
                0x00000000000889b9                bSendResponse.43860
                0x00000000000889fc                zps_psApsApsAllocateDcfmRecord
                0x0000000000088a6a                zps_u8CalcLinkCost
                0x0000000000088aa6                ZPS_u8NwkNibNtDiscMatch
                0x0000000000088b8a                zps_u64NwkLibFromPayload
                0x0000000000088bc9                zps_vNwkLibU64ToPayload
                0x0000000000088bf6                zps_eNwkDcfmIndPost
                0x0000000000088c18                zps_psNwkDcfmIndGetBuf
                0x0000000000088c3a                eRouteRequestDataDcfm.78610
                0x0000000000088c8e                eNldeDataDcfm.76440
                0x0000000000088cbe                zps_vSendNwkStatusInd
                0x0000000000088cee                psSLISTsearch
                0x0000000000088d2e                psSLISTremove
                0x0000000000088dac                psSLISTgetNext
                0x0000000000088dd0                u8PDM_CalculateFileSystemCapacity
                0x0000000000088dee                bPDM_ImageBitmapRepairCheck
                0x0000000000088e16                u8PDM_ReadSequenceNumber
                0x0000000000088e39                boSegmentNumberDeleteSearchMatch.69379
                0x0000000000088e54                u8PDM_ReadSegmentDataSize
                0x0000000000088e68                u32PDM_ReadFileSystemHeaderWearCount
                0x0000000000088e7e                boSearchForWearCountSubstitute.69687
                0x0000000000088ea4                boSearchForWearCountInsertPoint.68958
                0x0000000000088ec2                vPDM_WriteFileSystemHeaderWearCount
                0x0000000000088ed4                vPDM_ReadBitmapHeader.67893
                0x0000000000088ef3                RND_u32GetRand256
                0x0000000000088f10                RND_u32GetRand
                0x0000000000088f37                u16CalculateFailedTxCount.45079
                0x0000000000088f61                vZdoIeeeAddrServerSendExtendResponse.part.0.29220
                0x0000000000088fc2                vZdoNwkAddrServerSendExtendResponse.part.0.28002
                0x0000000000089023                vReset_StateMachine.26737
                0x0000000000089067                bFindMatch.26694
                0x00000000000890c5                zps_bAplZdoServerHandleConfirmAcks
                0x000000000008910f                zps_bAplZdoMgmtLqiServer
                0x0000000000089397                zps_bAplZdoMgmtRtgServer
                0x0000000000089507                zps_bPerformLeaveActionDecider
                0x000000000008950c                vHandleUpdateDeviceIndication.17786
                0x0000000000089536                u32GetScanChannels.17769
                0x0000000000089561                zps_vByteCopy.part.2.14095
 *fill*         0x000000000008957d        0x3 00
 .text          0x0000000000089580      0xc20 C:\Users\xubov\AppData\Local\Temp\ccOG1OQL.ltrans7.ltrans.o
                0x0000000000089580                vPdmEventHandlerCallback
                0x000000000008962f                vPDM_AddFileSystemElementToListInAscendingWearCountOrder
                0x0000000000089728                vPDM_MoveAllDataFromListToList
                0x0000000000089766                vPDM_MoveAllDataWithBufferIdAndStateFromListToList
                0x00000000000897f1                vPDM_MoveAllDataWithBufferIdFromListToList
                0x0000000000089876                vPDM_DeleteAllSegmentsWithIdFromFileSystemList.constprop.16
                0x00000000000898b8                vPDM_MoveFileRecordFromListToList
                0x00000000000898db                iPDM_SelectValidFileRecordInstance.68808
                0x00000000000899c7                vPDM_MoveRecordToDeAllocList
                0x00000000000899e7                zps_u8AplApsConstructAndPostLoopBackDataInd.11010
                0x0000000000089b20                u8PostUnicastMsgToNHLE.11018
                0x0000000000089b59                vFreePendingReqDescr
                0x0000000000089bbb                vHandleRouteDiscoveryExpiry.78161
                0x0000000000089c16                zps_vSendJoinDcfm
                0x0000000000089c5c                vGiveUp.85761
                0x0000000000089c94                ZPS_bSecEncrypt
                0x0000000000089e4f                psGetTxFrameBuffer
                0x0000000000089ea5                SOC_MAC_vHandleMcpsVsReqRsp.constprop.121
                0x000000000008a026                psGetAndBuildCoordRealignment
                0x000000000008a07e                eBuildAndSend.91432
                0x000000000008a0f3                zps_vInitBeaconPayload
                0x000000000008a161                vLoadNwkRecord.75142
 .text          0x000000000008a1a0      0xc2a C:\Users\xubov\AppData\Local\Temp\ccOG1OQL.ltrans8.ltrans.o
                0x000000000008a1a0                DBG_vUartFlush
                0x000000000008a1cd                DBG_vUartPutch
                0x000000000008a213                DBG_vUartInitHardware
                0x000000000008a3f3                zps_psAllocateAndFormatMacHdr
                0x000000000008a72e                iPDM_SearchForBufferIdInList
                0x000000000008a763                iPDM_SearchForBufferIdInFileSystem
                0x000000000008a776                iPDM_SearchForSpecificSegmentInList
                0x000000000008a7a8                zps_psNwkMcpsMgrFindPendingByNwkDstAddr
                0x000000000008a7de                iPDM_ReadUserDataFromEEPROMsegment
                0x000000000008a858                iPDM_ReCalculateWearCountAndChecksumAndWriteFileSystemHeader
                0x000000000008a8a2                vPDM_SetEEPROMandFileSystemValidState
                0x000000000008a8c9                iPDM_ReadUserDataFromFileSystemRecord
                0x000000000008a8e9                iPDM_ReadUserDataFromSegmentWithId
                0x000000000008a91e                PDM_eReadDataFromRecord.part.0.68230
                0x000000000008a9a5                vLoadAplRecord.17831
                0x000000000008a9d9                vPDM_WriteFileSystemRecordAndSegmentDataIntoEEPROMsegment
                0x000000000008aa14                u8ZdoEndDeviceBindServerUnpackApdu
                0x000000000008aaa2                vZdoEndDeviceBindStateIdle
 .text          0x000000000008adca      0xdf1 C:\Users\xubov\AppData\Local\Temp\ccOG1OQL.ltrans9.ltrans.o
                0x000000000008adca                eBeaconReqSent.91428
                0x000000000008adf1                vIncrementFrameCounterInPdm.isra.0.75582
                0x000000000008afcd                zps_eNwkSecEncryptPacket
                0x000000000008b0a6                vProcessListsForSubmission.74308
                0x000000000008b2bb                zps_vNwkMcpsMgrPost
                0x000000000008b2df                zps_psNwkSendLeaveCmd
                0x000000000008b347                zps_vNwkSecondTickHandleExpiry
                0x000000000008b4fa                zps_vNwkHandleCmeLeaveReq
                0x000000000008b5c8                zps_eNwkHandleSceLeave
                0x000000000008b73a                zps_eNwkHandleSdeActvDcfmData
                0x000000000008b826                vMcpsMgrTimeoutExpiry
                0x000000000008b899                zps_sNwkNibNtCheckJoin
                0x000000000008bb3c                zps_vNwkHandleCmeDirectJoinReq
 .text          0x000000000008bbbb      0xadd C:\Users\xubov\AppData\Local\Temp\ccOG1OQL.ltrans10.ltrans.o
                0x000000000008bbe6                iPDM_WriteSegmentHeaderAndData
                0x000000000008bdef                iPDM_SegmentCopyAndAppendData.constprop.111
                0x000000000008be49                iPDM_ReconstructReplacedDataTable
                0x000000000008bfe7                iPDM_ReplaceChangedSegmentInSequence
                0x000000000008c0d6                vPDM_DeleteAppendedSequence
                0x000000000008c178                PDM_eSaveRecordData
                0x000000000008c4ef                ZPS_vNwkSaveRecord
                0x000000000008c51b                ZPS_vNwkSaveNt
                0x000000000008c52e                zps_eNwkHandleSmeCommStatusInd
                0x000000000008c5df                ZPS_vNwkSaveSecMat
                0x000000000008c5f2                iPDM_VerifyDataSequenceWithBufferId
 .text          0x000000000008c698      0xc19 C:\Users\xubov\AppData\Local\Temp\ccOG1OQL.ltrans11.ltrans.o
                0x000000000008c750                zps_bAplZdoIeeeAddrServer
                0x000000000008c8da                zps_bAplZdoNwkAddrServer
                0x000000000008ca8f                zps_vAplTrustCenterInit
                0x000000000008cb24                zps_eNwkHandleSceLinkStatus
                0x000000000008cc73                PWRM_vManagePower
                0x000000000008cdb0                vPDM_ImageBitmapRepair.68879
                0x000000000008ce11                vInitUnknownNeighbor.74212.constprop.53
                0x000000000008ce62                zps_eAplZdoAddReplaceLinkKey_W
                0x000000000008cf21                ZPS_bNwkNibAddrMapAddEntry
                0x000000000008d0cd                zps_vAgeRouter
                0x000000000008d106                zps_vCheckActvNtForDuplicate
                0x000000000008d1a3                eSmeOrphScanDcfm.86217
                0x000000000008d21b                eCheckAddrConflict.isra.6.73322
 .text          0x000000000008d2b1      0xc41 C:\Users\xubov\AppData\Local\Temp\ccOG1OQL.ltrans12.ltrans.o
                0x000000000008d3c0                zps_vAplSaveRecord
                0x000000000008d461                zps_bNwkFindAddIeeeAddr
                0x000000000008d66d                vAplSecRemoveLinkKey.17880
                0x000000000008d704                ZPS_vRemoveEntryFromAddressMap
                0x000000000008d74d                ZPS_vNtSetUsedStatus
                0x000000000008d7f4                zps_vJoinInitNtParent
                0x000000000008d8d3                zps_vBuildSortedActvNTList
                0x000000000008d991                eLeaveDataDcfmRemoteLeave.87204
                0x000000000008d9da                zps_vCleanUnAuthenHandleExpiry
                0x000000000008dad7                eUnsolicitedRejoinRspDataDcfm.73066
                0x000000000008db02                eRejoinRspDataDcfm.85019
                0x000000000008dbd1                ZPS_vNwkNibSetNwkAddr
                0x000000000008dbef                zps_eNwkHandleSceRejnResponse
                0x000000000008dc4c                ZPS_vNwkNibSetExtPanId
                0x000000000008dc9e                vFinish.86207
                0x000000000008dcf3                ZPS_vNwkNibSetKeySeqNum
                0x000000000008dd07                ZPS_vNwkNibSetDepth
                0x000000000008dd10                ZPS_vNwkNibSetUpdateId
                0x000000000008dd59                vSendNetworkUpdate.73054
                0x000000000008de89                ZPS_vNwkNibSetPanId
                0x000000000008dea7                ZPS_vNwkNibSetCapabilityInfo
                0x000000000008ded4                ZPS_vNwkNibSetChannel
 *fill*         0x000000000008def2        0x2 00
 .text          0x000000000008def4      0xde8 C:\Users\xubov\AppData\Local\Temp\ccOG1OQL.ltrans13.ltrans.o
                0x000000000008e0a9                vPollTimeout.91634
                0x000000000008e1f4                vSendMlmeCommStatusFromTxFrame
                0x000000000008e24a                SOC_MAC_vHandleMlmeVsReqRsp.constprop.77
                0x000000000008e78e                vScanBeaconReceived
                0x000000000008e7ce                vRunningRxCallback
                0x000000000008eacb                vPostDcfm.91443
                0x000000000008eb3a                vScanNextChannel.91449
 .text          0x000000000008ecdc      0xa38 C:\Users\xubov\AppData\Local\Temp\ccOG1OQL.ltrans14.ltrans.o
                0x000000000008ecdc                vBbcIntHandler.90094
                0x000000000008f076                eAssocRespSent.90991
                0x000000000008f095                zps_vNwkHandleCmeIdleNwkFormReq
                0x000000000008f13d                zps_vReAttemptScanTimerHandleExpiry
                0x000000000008f195                zps_vNwkHandleCmeNwkDiscReq
                0x000000000008f20f                ZPS_pvNwkCtor.constprop.65
                0x000000000008f530                ZPS_vNwkHandleNlmeReqRsp.part.0.76596
 .text          0x000000000008f714      0xe4f C:\Users\xubov\AppData\Local\Temp\ccOG1OQL.ltrans15.ltrans.o
                0x000000000008f714                vSendNetworkReport.73050
                0x000000000008f900                zps_eNwkHandleSceNwkEdTimeoutReq
                0x000000000008f9f2                zps_eNwkHandleSceRouteRequest
                0x000000000008fe54                zps_eNwkHandleSceRouteReply
                0x00000000000900e1                zps_psSendNetworkStatusCmd
                0x000000000009014e                zps_eDefaultDataDcfm
                0x00000000000902d7                zps_psNwkSendRejoinReqCmd
                0x0000000000090340                zps_u8NwkHandleRejoinReq
                0x0000000000090409                zps_vProcessLocalAddrConflict
                0x00000000000904b4                vContinueRejoin.85015
 .text          0x0000000000090563      0xcc2 C:\Users\xubov\AppData\Local\Temp\ccOG1OQL.ltrans16.ltrans.o
                0x0000000000090563                vStartScanTimerExpiry.45075
                0x000000000009059f                zps_vAplApsPollTimer
                0x00000000000905fe                vAplSecAuthPollTimerExpiry.17763
                0x0000000000090656                vAplSecAuthTimerExpiry.17759
                0x00000000000906e4                zps_vHandleApsdeDataFragIndNotSupported
                0x0000000000090a01                vPostApsdeDcfmInd.8525
                0x0000000000090bf2                ZPS_vNwkHandleNldeReqRsp
                0x0000000000090e1f                eRejoinNetwork.17822.constprop.61
                0x0000000000090ec1                eStartNetworkDiscovery.17843
                0x0000000000090f2b                zps_eAplZdoStartStack
                0x000000000009102d                eStartRouter.17849
                0x0000000000091115                vHandleRemoveDeviceIndication
 *fill*         0x0000000000091225        0x3 00
 .text          0x0000000000091228      0xccc C:\Users\xubov\AppData\Local\Temp\ccOG1OQL.ltrans17.ltrans.o
                0x0000000000091228                ZPS_vNwkMacDataPollRequest
                0x0000000000091380                vMcpsMgrExpiry.74143
                0x0000000000091565                zps_vNwkHandleCmeRouteDiscoveryReq
                0x0000000000091731                zps_eNwkHandleSceRouteRecord
                0x00000000000917ee                vMiniMac_MlmeCallback
                0x0000000000091af1                vMiniMacPoll_CheckPollResponse
                0x0000000000091b43                ePollReqSent.91636
                0x0000000000091b8e                ZPS_vNwkSaveAllRecords
                0x0000000000091bb8                zps_psSendFrm
                0x0000000000091e8e                zps_psSendBroadcastFrm.part.0.83812
 .text          0x0000000000091ef4      0xaa0 C:\Users\xubov\AppData\Local\Temp\ccOG1OQL.ltrans18.ltrans.o
                0x00000000000920a0                vHandleRejoinExpiry.85757
                0x00000000000920ff                zps_eRejoinDataDcfm
                0x0000000000092143                eSmeAsocAssocDcfm.86377
                0x00000000000921c7                eSmeRjPCPollDcfm.86373
                0x0000000000092208                eSceRjRsRejoinRsp.86341
                0x00000000000922cc                vHandleEdTimeoutReqExpiry.73058
                0x0000000000092373                vHandleNwkLocalUpdateAfterBcast.73071
                0x00000000000923c7                vHandleNwkRemoteUpdateAfterBcast.73062
                0x000000000009241a                zps_sNwkLibSubmitScan
                0x00000000000924f1                zps_eNwkHandleSmeBeaconNotifyInd
                0x0000000000092575                zps_eNwkHandleSceNwkReport
                0x00000000000925f3                zps_vNwkHandleCmeNwkJoinReq
                0x00000000000928b9                zps_vNwkHandleCmeNwkActvJoinReq
                0x00000000000928c5                eSmeEdScScanDcfm.83166
                0x0000000000092955                zps_vNwkHandleCmeEdScanReq
 .text          0x0000000000092994      0xcb0 C:\Users\xubov\AppData\Local\Temp\ccOG1OQL.ltrans19.ltrans.o
                0x00000000000929ca                vNwkBttTimerExpiry.80685
                0x0000000000092e22                zps_bAplZdoMatchDescServer
                0x0000000000092e6d                eOrphanNotificationSent.91424
                0x0000000000092eb6                dbg_vPrintfImplNoneVerbose
                0x000000000009333d                ZPS_bSecDecrypt
                0x000000000009344a                boPDM_IsBitmapSaturated.67929
                0x0000000000093493                zps_psNwkInitCmdFrame
                0x0000000000093512                eSendLinkStatusDataDcfm.part.1.71980
 .text          0x0000000000093644      0xbf2 C:\Users\xubov\AppData\Local\Temp\ccOG1OQL.ltrans20.ltrans.o
                0x0000000000093644                zps_eZdpSystemServerDiscoveryResponse
                0x00000000000936b3                zps_eAplZdpMgmtLqiResponse
                0x00000000000937c3                zps_eZdpNodeDescResponse
                0x000000000009386b                zps_eZdpPowerDescResponse
                0x0000000000093908                zps_eAplZdpMgmtRtgResponse
                0x0000000000093a81                zps_eZdpNwkAddrResponse
                0x0000000000093b69                zps_eZdpIeeeAddrResponse
                0x0000000000093c51                zps_bAplZdoDefaultServer
                0x0000000000093ee8                zps_bAplZdoMgmtNWKUpdateServer
 .text          0x0000000000094236      0x9c7 C:\Users\xubov\AppData\Local\Temp\ccOG1OQL.ltrans21.ltrans.o
                0x00000000000945b7                zps_vAplTrustCenterUpdateDevice
                0x000000000009471e                ZPS_vAplHandleApsdeReqRsp
                0x0000000000094b33                zps_eAplZdpApsdeReqInternal
                0x0000000000094ba2                zps_eAplZdpGenStatusOnlyResponse
 .text          0x0000000000094bfd      0x9ae C:\Users\xubov\AppData\Local\Temp\ccOG1OQL.ltrans22.ltrans.o
                0x0000000000094e2b                zps_eNwkHandleSmeAssocInd
                0x0000000000094e4e                zps_eNwkHandleSceRejnRequest
                0x0000000000094fab                zps_vAplApsmeCmdMgrRetryTimeout.12427
                0x0000000000094fd4                zps_bGetFlashCredential
                0x0000000000094fd9                zps_psFindKeyDescr
                0x00000000000950bd                vTransformKey.isra.0.14090
                0x000000000009511e                zps_eAplSecEncryptPacket
                0x0000000000095213                zps_eAplSendApsmeCmdFrame
                0x0000000000095384                zps_eAplApsmeTransportKeyReqRsp.constprop.17
                0x0000000000095513                vApsmeResendTimeOutHandler
                0x0000000000095542                zps_eAplApsmeRemoveDeviceReqRsp
 .text          0x00000000000955ab      0xafa C:\Users\xubov\AppData\Local\Temp\ccOG1OQL.ltrans23.ltrans.o
                0x00000000000955ab                vfExtendedStatusCallBack.3066
                0x00000000000955b6                vAPP_cbBlinkLED
                0x0000000000095609                vMiniMac_ReturnTxBufferCallback
                0x0000000000095633                vPostTxActions.90703
                0x0000000000095670                vMiniMac_TxComplete
                0x000000000009584b                vMiniMac_NextTransaction
                0x00000000000958b5                vMiniMac_Init
                0x0000000000095bdc                eTransmit
                0x0000000000095cb9                vRetryCcaFailure
                0x0000000000095d0d                ZPS_vMacPibSetRxOnWhenIdle.constprop.71
                0x0000000000095d16                vMiniMac_McpsCallback
                0x0000000000095f49                eMcpsTxCompleteHandler.90295
                0x0000000000095f77                vShowException
                0x0000000000096039                vStopBlinkTimer
 .text          0x00000000000960a5      0x990 C:\Users\xubov\AppData\Local\Temp\ccOG1OQL.ltrans24.ltrans.o
                0x00000000000960a5                ZPS_vNwkHandleNlmeReqRsp
                0x0000000000096122                zps_vAplAfPostEvent
                0x000000000009635f                zps_bAplZdoMgmtLeaveServer
                0x0000000000096529                zps_eAplZdoPermitJoining.constprop.62
                0x0000000000096549                zps_bAplZdoPermitJoiningServer
                0x000000000009666b                zps_bAplZdoDeviceAnnceServer
                0x00000000000968f0                vChangeChannelTimerExpiry.45071
                0x0000000000096950                eLeaveReset.87190
                0x00000000000969bb                eLeaveDataDcfmLocalLeave.87195
 .text          0x0000000000096a35      0xc65 C:\Users\xubov\AppData\Local\Temp\ccOG1OQL.ltrans25.ltrans.o
                0x0000000000096a73                psGetNlmeBuf.8508
                0x0000000000096a7c                psGetNldeBuf.8529
                0x0000000000096a85                psGetApsmeBuf.8515
                0x0000000000096a8b                psGetApsdeBuf.8522
                0x0000000000096ba4                zps_vGetZpsMutex
                0x0000000000096bad                vLoopbackTimerCallback
                0x0000000000096bdc                bDuplicateCheck.12746
                0x0000000000096ce9                psApsmeRequestKeyGetHandle
                0x0000000000096d44                zps_vAplApsFillAndPostApsAck
                0x0000000000096dae                zps_u8AplApsFreeMsgHandle
                0x0000000000096e18                bCheckProfile.8189
                0x0000000000096e56                ZPS_bIsGroupPresent
                0x0000000000096e8e                pdum_u16ReadNBO
                0x0000000000096fef                PDUM_u16SizeNBO
                0x000000000009704d                PDUM_u16APduInstanceWriteStrNBO
                0x00000000000971cc                PDUM_u16APduInstanceWriteNBO
                0x0000000000097236                PDUM_eAPduFreeAPduInstance
                0x000000000009729c                PDUM_eAPduInstanceSetPayloadSize
                0x00000000000972c4                PDUM_eNPduWriteDataFromBuffer
                0x000000000009731e                PDUM_eNPduWriteDataToBuffer
                0x000000000009737c                PDUM_eNPduWriteFromBuffer
                0x00000000000973a5                PDUM_eNPduDescend
                0x00000000000973cb                PDUM_eNPduAscend
                0x00000000000973f1                PDUM_eNPduClaimData
                0x000000000009745e                PDUM_eNPduAppendDataNBO
                0x00000000000974bb                PDUM_eNPduClaimHeader
                0x00000000000974de                PDUM_eNPduReadHeaderNBO
                0x0000000000097531                PDUM_eNPduPrependHeaderNBO
                0x000000000009758c                PDUM_eNPduFree
                0x00000000000975ea                PDUM_eNPduInitDescending
                0x0000000000097605                zps_vInitAPSMECmdHdr
                0x000000000009763c                ZTIMER_eStart
 .text          0x000000000009769a      0x9d4 C:\Users\xubov\AppData\Local\Temp\ccOG1OQL.ltrans26.ltrans.o
                0x000000000009769a                zps_eZdpSimpleDescResponse
                0x00000000000977a7                zps_eZdpActiveEpResponse
                0x000000000009783d                zps_eZdpMatchDescResponse
                0x00000000000978d3                ZPS_vSecondTimerCallback
                0x0000000000097b30                vZdoEndDeviceBindStateWaitSendWithAck
                0x0000000000097e6f                zps_bAplZdoZdoClient
                0x000000000009800b                zps_eZdpEndDeviceBindResponse
                0x000000000009802c                zps_eZdpMgmtLeaveResponse
                0x000000000009804d                zps_eZdpMgmtPermitJoiningResponse
 *fill*         0x000000000009806e        0x2 00
 .text          0x0000000000098070      0x884 C:\Users\xubov\AppData\Local\Temp\ccOG1OQL.ltrans27.ltrans.o
                0x00000000000981b8                vPostNlmeDcfmInd.8511
 .text          0x00000000000988f4      0xbd8 C:\Users\xubov\AppData\Local\Temp\ccOG1OQL.ltrans28.ltrans.o
                0x000000000009895c                zps_vNwkHandleCmeActvStartRouterReq
                0x00000000000989f3                zps_vNwkHandleCmeSyncReq
                0x0000000000098aeb                zps_eNwkHandleSmeOrphanInd
                0x0000000000098afb                zps_sNwkStart
                0x0000000000098b9a                eSmeAcScScanDcfm.83161
                0x0000000000098e59                zps_eNwkSendJoinResponse
                0x00000000000990c0                zps_eProcessAddrConflict
                0x000000000009926d                ZPS_vNwkNibCheckAndUpdateAddresses
                0x000000000009930d                zps_eNwkHandleSceNwkStatus
 .text          0x00000000000994cc      0x644 C:\Users\xubov\AppData\Local\Temp\ccOG1OQL.ltrans29.ltrans.o
                0x00000000000994cc                zps_vAplTrustCenterRequestKey
                0x000000000009966d                vPostApsmeDcfmInd.8518
 .text          0x0000000000099b10       0xb6 C:\Users\xubov\AppData\Local\Temp\ccOG1OQL.ltrans30.ltrans.o
                0x0000000000099b10                ISR_vTickTimer
                0x0000000000099b48                vUnclaimedInterrupt
                0x0000000000099b5d                vBusErrorHandler
                0x0000000000099b6c                vAlignmentErrorHandler
                0x0000000000099b7b                vIllegalInstructionHandler
                0x0000000000099b8a                vTrapHandler
                0x0000000000099b99                vGenericHandler
                0x0000000000099ba8                vUnclaimedException
                0x0000000000099bb7                vStackOverflowHandler
 .text          0x0000000000099bc6       0x3d C:\Users\xubov\AppData\Local\Temp\ccOG1OQL.ltrans31.ltrans.o
                0x0000000000099bc6                zps_isrMAC
                0x0000000000099be9                AppWarmStart
 .text          0x0000000000099c03       0x25 c:/nxp/bstudio_nxp/sdk/tools/ba-elf-ba2-r36379/bin/../lib/gcc/ba-elf/4.7.4/../../../../ba-elf/lib/mcpu_jn51xx_sizeopt\libc.a(lib_a-memcmp.o)
                0x0000000000099c03                memcmp
 .text          0x0000000000099c28       0x19 c:/nxp/bstudio_nxp/sdk/tools/ba-elf-ba2-r36379/bin/../lib/gcc/ba-elf/4.7.4/../../../../ba-elf/lib/mcpu_jn51xx_sizeopt\libc.a(lib_a-memcpy.o)
 .text          0x0000000000099c41       0x12 c:/nxp/bstudio_nxp/sdk/tools/ba-elf-ba2-r36379/bin/../lib/gcc/ba-elf/4.7.4/../../../../ba-elf/lib/mcpu_jn51xx_sizeopt\libc.a(lib_a-memset.o)
                0x0000000000099c41                memset
 *fill*         0x0000000000099c53        0x1 00
 .text          0x0000000000099c54      0x204 c:/nxp/bstudio_nxp/sdk/tools/ba-elf-ba2-r36379/bin/../lib/gcc/ba-elf/4.7.4/mcpu_jn51xx_sizeopt\libgcc.a(__udivsi3.o)
                0x0000000000099c54                __udivsi3
 .text          0x0000000000099e58      0x1b0 c:/nxp/bstudio_nxp/sdk/tools/ba-elf-ba2-r36379/bin/../lib/gcc/ba-elf/4.7.4/mcpu_jn51xx_sizeopt\libgcc.a(__umodsi3.o)
                0x0000000000099e58                __umodsi3
 .text          0x000000000009a008       0x24 c:/nxp/bstudio_nxp/sdk/tools/ba-elf-ba2-r36379/bin/../lib/gcc/ba-elf/4.7.4/mcpu_jn51xx_sizeopt\libgcc.a(__modsi3.o)
                0x000000000009a008                __modsi3
 .text          0x000000000009a02c      0x350 c:/nxp/bstudio_nxp/sdk/tools/ba-elf-ba2-r36379/bin/../lib/gcc/ba-elf/4.7.4/mcpu_jn51xx_sizeopt\libgcc.a(_udivdi3.o)
                0x000000000009a02c                __udivdi3
 *fill*         0x000000000009a37c        0x0 00
 .text          0x000000000009a37c       0x48 ../../../../sdk/JN-SW-4170/Components/Library\libPWRM_JN516x.a(pwrm_setjmp_JN516x.o)
                0x000000000009a37c                setjmp
                0x000000000009a3a0                PWRM_longjmp
 .text          0x000000000009a3c4       0x27 ../../../../sdk/JN-SW-4170/Components/Library\libHardwareApi_JN516x.a(AHI_Interrupt.o)
                0x000000000009a3c4                vAHI_InterruptSetPriority
                0x000000000009a3e2                vAHI_InterruptSetActivePriorityLevel
 .text          0x000000000009a3eb        0x0 ../../../../sdk/JN-SW-4170/Components/Library\libZPSAPL_JN516x.a(zps_apl_version_lc.o)
                0x000000000009a3eb                ZPS_APL_Version_3v0
 .text          0x000000000009a3eb        0x0 ../../../../sdk/JN-SW-4170/Components/Library\libZPSNWK_JN516x.a(zps_nwk_version_lc.o)
                0x000000000009a3eb                ZPS_NWK_Version_3v0
                0x000000000009a3eb                _flash_end = ABSOLUTE (.)

.rela.dyn       0x000000000009a3ec        0x0
 .rela.text     0x0000000000000000        0x0 irq_JN516x.o
 .rela.data     0x0000000000000000        0x0 irq_JN516x.o
 .rela.rodata   0x0000000000000000        0x0 irq_JN516x.o
                0x000000000400004c                . = ORIGIN (ram)

.data           0x000000000400004c      0x488 load address 0x000000000009a3ec
                0x000000000400004c                _ram_data_start = ABSOLUTE (.)
 *(.data*)
 *fill*         0x000000000400004c        0x4 00
 .data          0x0000000004000050      0x428 C:\Users\xubov\AppData\Local\Temp\ccOG1OQL.ltrans0.ltrans.o
                0x0000000004000050                s_sApl.2384
                0x00000000040001a0                u8AhiBaudRate.70169
                0x00000000040001a1                u8MiniMacConfig_MaxConcurrentAssocResponses
 .data          0x0000000004000478        0x1 C:\Users\xubov\AppData\Local\Temp\ccOG1OQL.ltrans1.ltrans.o
 *fill*         0x0000000004000479        0x3 00
 .data          0x000000000400047c        0x4 C:\Users\xubov\AppData\Local\Temp\ccOG1OQL.ltrans3.ltrans.o
                0x000000000400047c                u32HeapStart
 .data          0x0000000004000480        0x4 C:\Users\xubov\AppData\Local\Temp\ccOG1OQL.ltrans7.ltrans.o
                0x0000000004000480                bCanLoopback.11243
 .data          0x0000000004000484        0x1 C:\Users\xubov\AppData\Local\Temp\ccOG1OQL.ltrans9.ltrans.o
 .data          0x0000000004000485        0x1 C:\Users\xubov\AppData\Local\Temp\ccOG1OQL.ltrans19.ltrans.o
 .data          0x0000000004000486        0x6 C:\Users\xubov\AppData\Local\Temp\ccOG1OQL.ltrans23.ltrans.o
 .data          0x000000000400048c       0x30 C:\Users\xubov\AppData\Local\Temp\ccOG1OQL.ltrans25.ltrans.o
                0x000000000400048c                s_asapduMyDataInstances
                0x0000000004000498                s_asapduZDPInstances
 .data.s_asAPduPool
                0x00000000040004bc       0x18 pdum_apdu.o
                0x00000000040004bc                pdum_apduZDP
                0x00000000040004bc                s_asAPduPool
                0x00000000040004c8                pdum_apduMyData
 *(.data.*)
                0x00000000040004d4                . = ALIGN (0x4)
                0x00000000040004d4                _ram_data_end = ABSOLUTE (.)

.bss            0x00000000040004d4     0x2d44 load address 0x000000000009a874
                0x00000000040004d4                _bss_start = ABSOLUTE (.)
 *(.bss*)
 *fill*         0x00000000040004d4        0xc 00
 .bss           0x00000000040004e0     0x2900 C:\Users\xubov\AppData\Local\Temp\ccOG1OQL.ltrans0.ltrans.o
                0x00000000040004e0                s_sDefaultServerContext.2457
                0x00000000040004e8                s_sEndDeviceBindServerContext.2380
                0x0000000004000528                s_sMgmtRtgServerContext.2381
                0x0000000004000530                s_sPermitJoiningServerContext.2382
                0x0000000004000538                s_sMgmtNWKUpdateServerContext.2383
                0x0000000004000578                s_sMgmtLeaveServerContext.2456
                0x00000000040005a0                s_sMgmtLqiServerContext.2455
                0x00000000040005a8                s_sSimpleDescServerContext.2454
                0x00000000040005b0                s_sMatchDescServerContext.2453
                0x00000000040005b8                s_sPowerDescServerContext.2452
                0x00000000040005c0                s_sNodeDescServerContext.2451
                0x00000000040005c8                s_sSystemServerDiscoveryServerContext.2450
                0x00000000040005d0                s_sIeeeAddrServerContext.2449
                0x00000000040005d8                s_sNwkAddrServerContext.2448
                0x00000000040005e0                s_sActiveEpServerContext.2447
                0x00000000040005e8                s_sZdoClientContext.2445
                0x00000000040005e8                s_sDeviceAnnceServerContext.2446
                0x00000000040005f0                iGetCharFn.70115
                0x00000000040005f4                vFlushFn.70113
                0x00000000040005f8                vPutchFn.70108
                0x00000000040005fc                u8AhiUart.70168
                0x0000000004000600                psNextWake.5263
                0x0000000004000604                s_bWakeTimerActive.5264
                0x0000000004000605                s_ePowerMode.5265
                0x0000000004000606                gu16NumberOfSegments.93990
                0x0000000004000608                u8MaxNpdu.5479
                0x0000000004000609                u8Count.5478
                0x000000000400060c                s_psNPduPoolEnd.5476
                0x0000000004000610                s_psNPduPoolStart.5475
                0x0000000004000614                s_psFreeListHead.5477
                0x0000000004000618                s_asAPduPool.5575
                0x000000000400061c                pfExtendedStatusCallBack.72568
                0x0000000004000620                ZTIMER_sCommon.5187
                0x0000000004000628                APP_msgLedsEvents
                0x0000000004000640                APP_msgMyEndPointEvents
                0x0000000004000658                APP_msgZpsEvents
                0x0000000004000670                u8TimerBlink
                0x0000000004000671                u8App_tmr1sec
                0x0000000004000674                psPDM_Common
                0x0000000004000678                s_u32x.67869
                0x000000000400067c                s_prExpireFn.95720
                0x0000000004000680                psShadowRxBuffer
                0x0000000004000684                pvRxStore
                0x0000000004000688                pvTxStore
                0x000000000400068c                gMAC_u8MaxBuffers
                0x0000000004000690                g_pvAplHandle
                0x0000000004000694                s_sDcfmIndMgr.95499
                0x000000000400069c                prAppMlmeGetBuffer
                0x00000000040006a0                prAppMlmeCallback
                0x00000000040006a4                s_pvAplHandle.94745
                0x00000000040006a8                s_prMcpsCallBack.94743
                0x00000000040006ac                s_prMlmeCallBack.94744
                0x00000000040006b0                psFreeMsgListHead
                0x00000000040006b4                psActiveMsgListHead
                0x00000000040006b8                sMiniMacPib
                0x0000000004000754                u8MiniMac_RunTimeOptions
                0x0000000004000758                sZpsIntStore
                0x000000000400075c                psAplDefaultDistributedAPSLinkKey
                0x0000000004000760                s_eDeviceState.3696
 .bss           0x0000000004002de0       0x5c C:\Users\xubov\AppData\Local\Temp\ccOG1OQL.ltrans1.ltrans.o
                0x0000000004002de0                bCheckChild
                0x0000000004002de4                uMacDcfmInd
                0x0000000004002e10                u32BlinkTickTime.2598
 .bss           0x0000000004002e3c        0x2 C:\Users\xubov\AppData\Local\Temp\ccOG1OQL.ltrans2.ltrans.o
                0x0000000004002e3c                s_u16ActivityCounter
 *fill*         0x0000000004002e3e        0x2 00
 .bss           0x0000000004002e40        0xc C:\Users\xubov\AppData\Local\Temp\ccOG1OQL.ltrans3.ltrans.o
 .bss           0x0000000004002e4c        0x8 C:\Users\xubov\AppData\Local\Temp\ccOG1OQL.ltrans4.ltrans.o
                0x0000000004002e4c                sIntStorage.69785
 .bss.initinboot
                0x0000000004002e54        0x1 C:\Users\xubov\AppData\Local\Temp\ccOG1OQL.ltrans4.ltrans.o
                0x0000000004002e54                bMutexTaken.93816
 *fill*         0x0000000004002e55        0x3 00
 .bss           0x0000000004002e58       0x2c C:\Users\xubov\AppData\Local\Temp\ccOG1OQL.ltrans5.ltrans.o
 .bss           0x0000000004002e84        0x3 C:\Users\xubov\AppData\Local\Temp\ccOG1OQL.ltrans6.ltrans.o
                0x0000000004002e84                u8ApduCount.5576
 *fill*         0x0000000004002e87        0x1 00
 .bss           0x0000000004002e88       0x38 C:\Users\xubov\AppData\Local\Temp\ccOG1OQL.ltrans7.ltrans.o
                0x0000000004002e88                sMiniMacIntStore.95476
                0x0000000004002e8c                bIgnoreBroadcast
 .bss           0x0000000004002ec0        0x8 C:\Users\xubov\AppData\Local\Temp\ccOG1OQL.ltrans8.ltrans.o
 .bss           0x0000000004002ec8        0x4 C:\Users\xubov\AppData\Local\Temp\ccOG1OQL.ltrans9.ltrans.o
                0x0000000004002ec8                g_pfTimerExpiryCallback.72064
 .bss           0x0000000004002ecc        0xc C:\Users\xubov\AppData\Local\Temp\ccOG1OQL.ltrans10.ltrans.o
                0x0000000004002ecc                a16NwkPdmRecordSizes
 .bss           0x0000000004002ed8        0xc C:\Users\xubov\AppData\Local\Temp\ccOG1OQL.ltrans11.ltrans.o
 .bss           0x0000000004002ee4       0x30 C:\Users\xubov\AppData\Local\Temp\ccOG1OQL.ltrans12.ltrans.o
                0x0000000004002ee4                apvAplPdmRecordsAddress
                0x0000000004002ef8                au16AplPdmRecordsSize
 .bss           0x0000000004002f14        0x1 C:\Users\xubov\AppData\Local\Temp\ccOG1OQL.ltrans13.ltrans.o
                0x0000000004002f14                u8ScanBeaconsSeen.95536
 *fill*         0x0000000004002f15        0x3 00
 .bss           0x0000000004002f18       0xa0 C:\Users\xubov\AppData\Local\Temp\ccOG1OQL.ltrans14.ltrans.o
                0x0000000004002f18                sScanAttemptTimer
                0x0000000004002f34                psTimerServerList
                0x0000000004002f38                aprTimerCallback
                0x0000000004002f58                au32TimerCounter
                0x0000000004002f78                sMiniMacInternal
                0x0000000004002fa4                sMiniMacPhyPib
                0x0000000004002fa8                zps_psNwk
                0x0000000004002fac                sThisDeviceMacAddr
 .bss           0x0000000004002fb8        0x1 C:\Users\xubov\AppData\Local\Temp\ccOG1OQL.ltrans15.ltrans.o
 *fill*         0x0000000004002fb9        0x3 00
 .bss           0x0000000004002fbc        0x4 C:\Users\xubov\AppData\Local\Temp\ccOG1OQL.ltrans17.ltrans.o
 .bss           0x0000000004002fc0        0x8 C:\Users\xubov\AppData\Local\Temp\ccOG1OQL.ltrans18.ltrans.o
 .bss           0x0000000004002fc8        0x1 C:\Users\xubov\AppData\Local\Temp\ccOG1OQL.ltrans20.ltrans.o
                0x0000000004002fc8                bDefaultServerIgnoreHandleMgmtUpdate
 *fill*         0x0000000004002fc9        0x3 00
 .bss           0x0000000004002fcc        0xc C:\Users\xubov\AppData\Local\Temp\ccOG1OQL.ltrans21.ltrans.o
                0x0000000004002fcc                pu8ApsSeq
 .bss           0x0000000004002fd8        0xc C:\Users\xubov\AppData\Local\Temp\ccOG1OQL.ltrans23.ltrans.o
                0x0000000004002fd8                eMMacModuleType
                0x0000000004002fdc                prIntHandler.92680
 .bss.initinboot
                0x0000000004002fe4        0x1 C:\Users\xubov\AppData\Local\Temp\ccOG1OQL.ltrans23.ltrans.o
 *fill*         0x0000000004002fe5        0x3 00
 .bss           0x0000000004002fe8      0x174 C:\Users\xubov\AppData\Local\Temp\ccOG1OQL.ltrans25.ltrans.o
 *fill*         0x000000000400315c        0x4 00
 .bss           0x0000000004003160       0x48 C:\Users\xubov\AppData\Local\Temp\ccOG1OQL.ltrans27.ltrans.o
 .bss           0x00000000040031a8        0x1 C:\Users\xubov\AppData\Local\Temp\ccOG1OQL.ltrans29.ltrans.o
                0x00000000040031a8                bZpsMyLastJoinWasRejoin.18480
 *fill*         0x00000000040031a9        0x3 00
 .bss           0x00000000040031ac       0x2c C:\Users\xubov\AppData\Local\Temp\ccOG1OQL.ltrans31.ltrans.o
                0x00000000040031ac                pwrm_CPUContext
                0x00000000040031d0                s_psVsMcpsDcfmInd.25404
                0x00000000040031d4                s_psMacDcfmInd.25403
 .bss.dontinitinboot
                0x00000000040031d8       0x40 ../../../../sdk/JN-SW-4170/Components/Library\libBoot_JN516x.a(ExceptionHandler.o)
                0x00000000040031d8                isr_handlers
 *(.bss.*)
 *(.scommon*)
 *(.scommon.*)
 *(COMMON)
                0x0000000004003218                . = ALIGN (0x4)
                0x0000000004003218                _bss_end = ABSOLUTE (.)

.heap           0x0000000004003218      0x7d0 load address 0x000000000009d5b8
                0x0000000004003218                _heap_start = ABSOLUTE (.)
                0x00000000040039e8                . = (. + __minimum_heap_size)
 *fill*         0x0000000004003218      0x7d0 00

.stack          0x0000000004006c78     0x1388 load address 0x00000000000a1018
                0x0000000004006c78                _heap_end = ABSOLUTE (.)
                0x0000000004006c78                _stack_low_water_mark = ABSOLUTE (.)
                0x0000000004008000                . = (. + __stack_size)
 *fill*         0x0000000004006c78     0x1388 00

.test           0x000000000009a874        0x1
                0x000000000009a874        0x1 BYTE 0xff
                0x000000000009a3ec                _flash_data_start = LOADADDR (.data)
                0x0000000000000488                _ram_data_len = (((_ram_data_end - _ram_data_start) + 0x3) & 0xfffffffffffffffc)
                0x0000000000002d44                _bss_len = (((_bss_end - _bss_start) + 0x3) & 0xfffffffffffffffc)
                0x000000000001a874                _image_len = ((((_flash_end - _flash_start) + _ram_data_len) + 0x3) & 0xfffffffffffffffc)
                0x0000000004008000                _ram_top = (ABSOLUTE (ORIGIN (ram)) + 0x7fb4)
                0x0000000004008000                ram_top = (ABSOLUTE (ORIGIN (ram)) + 0x7fb4)
                0x0000000001001580                _app_ram_start = 0x1001580
                0x000000000400047c                PROVIDE (_heap_location, u32HeapStart)
                0x000000000400047c                PROVIDE (heap_location, u32HeapStart)
OUTPUT(AN1229_ZBP_Coordinator_JN5168.elf elf32-ba)

.comment        0x0000000000000000       0x11
 .comment       0x0000000000000000       0x11 C:\Users\xubov\AppData\Local\Temp\ccOG1OQL.ltrans0.ltrans.o
                                         0x12 (size before relaxing)
 .comment       0x0000000000000000       0x12 C:\Users\xubov\AppData\Local\Temp\ccOG1OQL.ltrans1.ltrans.o
 .comment       0x0000000000000000       0x12 C:\Users\xubov\AppData\Local\Temp\ccOG1OQL.ltrans2.ltrans.o
 .comment       0x0000000000000000       0x12 C:\Users\xubov\AppData\Local\Temp\ccOG1OQL.ltrans3.ltrans.o
 .comment       0x0000000000000000       0x12 C:\Users\xubov\AppData\Local\Temp\ccOG1OQL.ltrans4.ltrans.o
 .comment       0x0000000000000000       0x12 C:\Users\xubov\AppData\Local\Temp\ccOG1OQL.ltrans5.ltrans.o
 .comment       0x0000000000000000       0x12 C:\Users\xubov\AppData\Local\Temp\ccOG1OQL.ltrans6.ltrans.o
 .comment       0x0000000000000000       0x12 C:\Users\xubov\AppData\Local\Temp\ccOG1OQL.ltrans7.ltrans.o
 .comment       0x0000000000000000       0x12 C:\Users\xubov\AppData\Local\Temp\ccOG1OQL.ltrans8.ltrans.o
 .comment       0x0000000000000000       0x12 C:\Users\xubov\AppData\Local\Temp\ccOG1OQL.ltrans9.ltrans.o
 .comment       0x0000000000000000       0x12 C:\Users\xubov\AppData\Local\Temp\ccOG1OQL.ltrans10.ltrans.o
 .comment       0x0000000000000000       0x12 C:\Users\xubov\AppData\Local\Temp\ccOG1OQL.ltrans11.ltrans.o
 .comment       0x0000000000000000       0x12 C:\Users\xubov\AppData\Local\Temp\ccOG1OQL.ltrans12.ltrans.o
 .comment       0x0000000000000000       0x12 C:\Users\xubov\AppData\Local\Temp\ccOG1OQL.ltrans13.ltrans.o
 .comment       0x0000000000000000       0x12 C:\Users\xubov\AppData\Local\Temp\ccOG1OQL.ltrans14.ltrans.o
 .comment       0x0000000000000000       0x12 C:\Users\xubov\AppData\Local\Temp\ccOG1OQL.ltrans15.ltrans.o
 .comment       0x0000000000000000       0x12 C:\Users\xubov\AppData\Local\Temp\ccOG1OQL.ltrans16.ltrans.o
 .comment       0x0000000000000000       0x12 C:\Users\xubov\AppData\Local\Temp\ccOG1OQL.ltrans17.ltrans.o
 .comment       0x0000000000000000       0x12 C:\Users\xubov\AppData\Local\Temp\ccOG1OQL.ltrans18.ltrans.o
 .comment       0x0000000000000000       0x12 C:\Users\xubov\AppData\Local\Temp\ccOG1OQL.ltrans19.ltrans.o
 .comment       0x0000000000000000       0x12 C:\Users\xubov\AppData\Local\Temp\ccOG1OQL.ltrans20.ltrans.o
 .comment       0x0000000000000000       0x12 C:\Users\xubov\AppData\Local\Temp\ccOG1OQL.ltrans21.ltrans.o
 .comment       0x0000000000000000       0x12 C:\Users\xubov\AppData\Local\Temp\ccOG1OQL.ltrans22.ltrans.o
 .comment       0x0000000000000000       0x12 C:\Users\xubov\AppData\Local\Temp\ccOG1OQL.ltrans23.ltrans.o
 .comment       0x0000000000000000       0x12 C:\Users\xubov\AppData\Local\Temp\ccOG1OQL.ltrans24.ltrans.o
 .comment       0x0000000000000000       0x12 C:\Users\xubov\AppData\Local\Temp\ccOG1OQL.ltrans25.ltrans.o
 .comment       0x0000000000000000       0x12 C:\Users\xubov\AppData\Local\Temp\ccOG1OQL.ltrans26.ltrans.o
 .comment       0x0000000000000000       0x12 C:\Users\xubov\AppData\Local\Temp\ccOG1OQL.ltrans27.ltrans.o
 .comment       0x0000000000000000       0x12 C:\Users\xubov\AppData\Local\Temp\ccOG1OQL.ltrans28.ltrans.o
 .comment       0x0000000000000000       0x12 C:\Users\xubov\AppData\Local\Temp\ccOG1OQL.ltrans29.ltrans.o
 .comment       0x0000000000000000       0x12 C:\Users\xubov\AppData\Local\Temp\ccOG1OQL.ltrans30.ltrans.o
 .comment       0x0000000000000000       0x12 C:\Users\xubov\AppData\Local\Temp\ccOG1OQL.ltrans31.ltrans.o
 .comment       0x0000000000000000       0x12 c:/nxp/bstudio_nxp/sdk/tools/ba-elf-ba2-r36379/bin/../lib/gcc/ba-elf/4.7.4/../../../../ba-elf/lib/mcpu_jn51xx_sizeopt\libc.a(lib_a-memcmp.o)
 .comment       0x0000000000000000       0x12 c:/nxp/bstudio_nxp/sdk/tools/ba-elf-ba2-r36379/bin/../lib/gcc/ba-elf/4.7.4/../../../../ba-elf/lib/mcpu_jn51xx_sizeopt\libc.a(lib_a-memcpy.o)
 .comment       0x0000000000000000       0x12 c:/nxp/bstudio_nxp/sdk/tools/ba-elf-ba2-r36379/bin/../lib/gcc/ba-elf/4.7.4/../../../../ba-elf/lib/mcpu_jn51xx_sizeopt\libc.a(lib_a-memset.o)
 .comment       0x0000000000000000       0x12 c:/nxp/bstudio_nxp/sdk/tools/ba-elf-ba2-r36379/bin/../lib/gcc/ba-elf/4.7.4/mcpu_jn51xx_sizeopt\libgcc.a(_udivdi3.o)

.debug_info     0x0000000000000000      0xbea
 .debug_info    0x0000000000000000       0xf3 c:/nxp/bstudio_nxp/sdk/tools/ba-elf-ba2-r36379/bin/../lib/gcc/ba-elf/4.7.4/../../../../ba-elf/lib/mcpu_jn51xx_sizeopt\libc.a(lib_a-memcmp.o)
 .debug_info    0x00000000000000f3      0x106 c:/nxp/bstudio_nxp/sdk/tools/ba-elf-ba2-r36379/bin/../lib/gcc/ba-elf/4.7.4/../../../../ba-elf/lib/mcpu_jn51xx_sizeopt\libc.a(lib_a-memcpy.o)
 .debug_info    0x00000000000001f9       0xd7 c:/nxp/bstudio_nxp/sdk/tools/ba-elf-ba2-r36379/bin/../lib/gcc/ba-elf/4.7.4/../../../../ba-elf/lib/mcpu_jn51xx_sizeopt\libc.a(lib_a-memset.o)
 .debug_info    0x00000000000002d0       0xb4 c:/nxp/bstudio_nxp/sdk/tools/ba-elf-ba2-r36379/bin/../lib/gcc/ba-elf/4.7.4/mcpu_jn51xx_sizeopt\libgcc.a(__udivsi3.o)
 .debug_info    0x0000000000000384       0xb4 c:/nxp/bstudio_nxp/sdk/tools/ba-elf-ba2-r36379/bin/../lib/gcc/ba-elf/4.7.4/mcpu_jn51xx_sizeopt\libgcc.a(__umodsi3.o)
 .debug_info    0x0000000000000438       0xb4 c:/nxp/bstudio_nxp/sdk/tools/ba-elf-ba2-r36379/bin/../lib/gcc/ba-elf/4.7.4/mcpu_jn51xx_sizeopt\libgcc.a(__modsi3.o)
 .debug_info    0x00000000000004ec      0x648 c:/nxp/bstudio_nxp/sdk/tools/ba-elf-ba2-r36379/bin/../lib/gcc/ba-elf/4.7.4/mcpu_jn51xx_sizeopt\libgcc.a(_udivdi3.o)
 .debug_info    0x0000000000000b34       0xb6 ../../../../sdk/JN-SW-4170/Components/Library\libBoot_JN516x.a(ExceptionHandler.o)

.debug_abbrev   0x0000000000000000      0x36d
 .debug_abbrev  0x0000000000000000       0x8e c:/nxp/bstudio_nxp/sdk/tools/ba-elf-ba2-r36379/bin/../lib/gcc/ba-elf/4.7.4/../../../../ba-elf/lib/mcpu_jn51xx_sizeopt\libc.a(lib_a-memcmp.o)
 .debug_abbrev  0x000000000000008e       0xa4 c:/nxp/bstudio_nxp/sdk/tools/ba-elf-ba2-r36379/bin/../lib/gcc/ba-elf/4.7.4/../../../../ba-elf/lib/mcpu_jn51xx_sizeopt\libc.a(lib_a-memcpy.o)
 .debug_abbrev  0x0000000000000132       0x8e c:/nxp/bstudio_nxp/sdk/tools/ba-elf-ba2-r36379/bin/../lib/gcc/ba-elf/4.7.4/../../../../ba-elf/lib/mcpu_jn51xx_sizeopt\libc.a(lib_a-memset.o)
 .debug_abbrev  0x00000000000001c0       0x14 c:/nxp/bstudio_nxp/sdk/tools/ba-elf-ba2-r36379/bin/../lib/gcc/ba-elf/4.7.4/mcpu_jn51xx_sizeopt\libgcc.a(__udivsi3.o)
 .debug_abbrev  0x00000000000001d4       0x14 c:/nxp/bstudio_nxp/sdk/tools/ba-elf-ba2-r36379/bin/../lib/gcc/ba-elf/4.7.4/mcpu_jn51xx_sizeopt\libgcc.a(__umodsi3.o)
 .debug_abbrev  0x00000000000001e8       0x14 c:/nxp/bstudio_nxp/sdk/tools/ba-elf-ba2-r36379/bin/../lib/gcc/ba-elf/4.7.4/mcpu_jn51xx_sizeopt\libgcc.a(__modsi3.o)
 .debug_abbrev  0x00000000000001fc      0x15d c:/nxp/bstudio_nxp/sdk/tools/ba-elf-ba2-r36379/bin/../lib/gcc/ba-elf/4.7.4/mcpu_jn51xx_sizeopt\libgcc.a(_udivdi3.o)
 .debug_abbrev  0x0000000000000359       0x14 ../../../../sdk/JN-SW-4170/Components/Library\libBoot_JN516x.a(ExceptionHandler.o)

.debug_loc      0x0000000000000000      0xb66
 .debug_loc     0x0000000000000000       0x73 c:/nxp/bstudio_nxp/sdk/tools/ba-elf-ba2-r36379/bin/../lib/gcc/ba-elf/4.7.4/../../../../ba-elf/lib/mcpu_jn51xx_sizeopt\libc.a(lib_a-memcmp.o)
 .debug_loc     0x0000000000000073       0x39 c:/nxp/bstudio_nxp/sdk/tools/ba-elf-ba2-r36379/bin/../lib/gcc/ba-elf/4.7.4/../../../../ba-elf/lib/mcpu_jn51xx_sizeopt\libc.a(lib_a-memcpy.o)
 .debug_loc     0x00000000000000ac       0x3f c:/nxp/bstudio_nxp/sdk/tools/ba-elf-ba2-r36379/bin/../lib/gcc/ba-elf/4.7.4/../../../../ba-elf/lib/mcpu_jn51xx_sizeopt\libc.a(lib_a-memset.o)
 .debug_loc     0x00000000000000eb      0xa7b c:/nxp/bstudio_nxp/sdk/tools/ba-elf-ba2-r36379/bin/../lib/gcc/ba-elf/4.7.4/mcpu_jn51xx_sizeopt\libgcc.a(_udivdi3.o)

.debug_aranges  0x0000000000000000      0x100
 .debug_aranges
                0x0000000000000000       0x20 c:/nxp/bstudio_nxp/sdk/tools/ba-elf-ba2-r36379/bin/../lib/gcc/ba-elf/4.7.4/../../../../ba-elf/lib/mcpu_jn51xx_sizeopt\libc.a(lib_a-memcmp.o)
 .debug_aranges
                0x0000000000000020       0x20 c:/nxp/bstudio_nxp/sdk/tools/ba-elf-ba2-r36379/bin/../lib/gcc/ba-elf/4.7.4/../../../../ba-elf/lib/mcpu_jn51xx_sizeopt\libc.a(lib_a-memcpy.o)
 .debug_aranges
                0x0000000000000040       0x20 c:/nxp/bstudio_nxp/sdk/tools/ba-elf-ba2-r36379/bin/../lib/gcc/ba-elf/4.7.4/../../../../ba-elf/lib/mcpu_jn51xx_sizeopt\libc.a(lib_a-memset.o)
 .debug_aranges
                0x0000000000000060       0x20 c:/nxp/bstudio_nxp/sdk/tools/ba-elf-ba2-r36379/bin/../lib/gcc/ba-elf/4.7.4/mcpu_jn51xx_sizeopt\libgcc.a(__udivsi3.o)
 .debug_aranges
                0x0000000000000080       0x20 c:/nxp/bstudio_nxp/sdk/tools/ba-elf-ba2-r36379/bin/../lib/gcc/ba-elf/4.7.4/mcpu_jn51xx_sizeopt\libgcc.a(__umodsi3.o)
 .debug_aranges
                0x00000000000000a0       0x20 c:/nxp/bstudio_nxp/sdk/tools/ba-elf-ba2-r36379/bin/../lib/gcc/ba-elf/4.7.4/mcpu_jn51xx_sizeopt\libgcc.a(__modsi3.o)
 .debug_aranges
                0x00000000000000c0       0x20 c:/nxp/bstudio_nxp/sdk/tools/ba-elf-ba2-r36379/bin/../lib/gcc/ba-elf/4.7.4/mcpu_jn51xx_sizeopt\libgcc.a(_udivdi3.o)
 .debug_aranges
                0x00000000000000e0       0x20 ../../../../sdk/JN-SW-4170/Components/Library\libBoot_JN516x.a(ExceptionHandler.o)

.debug_line     0x0000000000000000     0x1013
 .debug_line    0x0000000000000000      0x154 c:/nxp/bstudio_nxp/sdk/tools/ba-elf-ba2-r36379/bin/../lib/gcc/ba-elf/4.7.4/../../../../ba-elf/lib/mcpu_jn51xx_sizeopt\libc.a(lib_a-memcmp.o)
 .debug_line    0x0000000000000154      0x148 c:/nxp/bstudio_nxp/sdk/tools/ba-elf-ba2-r36379/bin/../lib/gcc/ba-elf/4.7.4/../../../../ba-elf/lib/mcpu_jn51xx_sizeopt\libc.a(lib_a-memcpy.o)
 .debug_line    0x000000000000029c      0x13e c:/nxp/bstudio_nxp/sdk/tools/ba-elf-ba2-r36379/bin/../lib/gcc/ba-elf/4.7.4/../../../../ba-elf/lib/mcpu_jn51xx_sizeopt\libc.a(lib_a-memset.o)
 .debug_line    0x00000000000003da      0x47b c:/nxp/bstudio_nxp/sdk/tools/ba-elf-ba2-r36379/bin/../lib/gcc/ba-elf/4.7.4/mcpu_jn51xx_sizeopt\libgcc.a(__udivsi3.o)
 .debug_line    0x0000000000000855      0x3c7 c:/nxp/bstudio_nxp/sdk/tools/ba-elf-ba2-r36379/bin/../lib/gcc/ba-elf/4.7.4/mcpu_jn51xx_sizeopt\libgcc.a(__umodsi3.o)
 .debug_line    0x0000000000000c1c       0xa3 c:/nxp/bstudio_nxp/sdk/tools/ba-elf-ba2-r36379/bin/../lib/gcc/ba-elf/4.7.4/mcpu_jn51xx_sizeopt\libgcc.a(__modsi3.o)
 .debug_line    0x0000000000000cbf      0x1b7 c:/nxp/bstudio_nxp/sdk/tools/ba-elf-ba2-r36379/bin/../lib/gcc/ba-elf/4.7.4/mcpu_jn51xx_sizeopt\libgcc.a(_udivdi3.o)
 .debug_line    0x0000000000000e76      0x19d ../../../../sdk/JN-SW-4170/Components/Library\libBoot_JN516x.a(ExceptionHandler.o)

.debug_str      0x0000000000000000      0x2e8
 .debug_str     0x0000000000000000      0x119 c:/nxp/bstudio_nxp/sdk/tools/ba-elf-ba2-r36379/bin/../lib/gcc/ba-elf/4.7.4/../../../../ba-elf/lib/mcpu_jn51xx_sizeopt\libc.a(lib_a-memcmp.o)
                                        0x152 (size before relaxing)
 .debug_str     0x0000000000000119       0x5d c:/nxp/bstudio_nxp/sdk/tools/ba-elf-ba2-r36379/bin/../lib/gcc/ba-elf/4.7.4/../../../../ba-elf/lib/mcpu_jn51xx_sizeopt\libc.a(lib_a-memcpy.o)
                                        0x166 (size before relaxing)
 .debug_str     0x0000000000000176       0x49 c:/nxp/bstudio_nxp/sdk/tools/ba-elf-ba2-r36379/bin/../lib/gcc/ba-elf/4.7.4/../../../../ba-elf/lib/mcpu_jn51xx_sizeopt\libc.a(lib_a-memset.o)
                                        0x152 (size before relaxing)
 .debug_str     0x00000000000001bf      0x129 c:/nxp/bstudio_nxp/sdk/tools/ba-elf-ba2-r36379/bin/../lib/gcc/ba-elf/4.7.4/mcpu_jn51xx_sizeopt\libgcc.a(_udivdi3.o)
                                        0x1d4 (size before relaxing)

.debug_frame    0x0000000000000000       0x60
 .debug_frame   0x0000000000000000       0x20 c:/nxp/bstudio_nxp/sdk/tools/ba-elf-ba2-r36379/bin/../lib/gcc/ba-elf/4.7.4/../../../../ba-elf/lib/mcpu_jn51xx_sizeopt\libc.a(lib_a-memcmp.o)
 .debug_frame   0x0000000000000020       0x20 c:/nxp/bstudio_nxp/sdk/tools/ba-elf-ba2-r36379/bin/../lib/gcc/ba-elf/4.7.4/../../../../ba-elf/lib/mcpu_jn51xx_sizeopt\libc.a(lib_a-memcpy.o)
 .debug_frame   0x0000000000000040       0x20 c:/nxp/bstudio_nxp/sdk/tools/ba-elf-ba2-r36379/bin/../lib/gcc/ba-elf/4.7.4/../../../../ba-elf/lib/mcpu_jn51xx_sizeopt\libc.a(lib_a-memset.o)

.debug_ranges   0x0000000000000000       0xa0
 .debug_ranges  0x0000000000000000       0xa0 c:/nxp/bstudio_nxp/sdk/tools/ba-elf-ba2-r36379/bin/../lib/gcc/ba-elf/4.7.4/mcpu_jn51xx_sizeopt\libgcc.a(_udivdi3.o)
